[    2117ms] [ERROR] The source list for the Content Security Policy directive 'object-src' contains an invalid source: ''none\'. It will be ignored. @ https://documentation.red-gate.com/sp/getting-started:0
[    3611ms] [LOG] JQMIGRATE: Migrate is installed, version 1.4.1 @ https://documentation.red-gate.com/s/730410200d4439617130b16289db81b7-CDN/6ig7se/9012/1qzu8pb/0123052adda0acf0447e8c8dbb6f7694/_/download/contextbatch/js/_super/batch.js?locale=en-GB:190
[    3614ms] [WARNING] Use of `window._` through AUI is deprecated and will be removed in AUI 10.0.0 @ https://documentation.red-gate.com/s/730410200d4439617130b16289db81b7-CDN/6ig7se/9012/1qzu8pb/0123052adda0acf0447e8c8dbb6f7694/_/download/contextbatch/js/_super/batch.js?locale=en-GB:259
[    3622ms] [WARNING] DEPRECATED undefined - AJS.params has been deprecated since 9.0.0 and will be removed in 10.0.0.  
     at HTMLMetaElement.<anonymous> (https://documentation.red-gate.com/s/730410200d4439617130b16289db81b7-CDN/6ig7se/9012/1qzu8pb/0123052adda0acf0447e8c8dbb6f7694/_/download/contextbatch/js/_super/batch.js?locale=en-GB:2460:301) @ https://documentation.red-gate.com/s/730410200d4439617130b16289db81b7-CDN/6ig7se/9012/1qzu8pb/0123052adda0acf0447e8c8dbb6f7694/_/download/contextbatch/js/_super/batch.js?locale=en-GB:2153
[    3622ms] [WARNING] DEPRECATED undefined - AJS.params has been deprecated since 9.0.0 and will be removed in 10.0.0.  
     at HTMLMetaElement.<anonymous> (https://documentation.red-gate.com/s/730410200d4439617130b16289db81b7-CDN/6ig7se/9012/1qzu8pb/0123052adda0acf0447e8c8dbb6f7694/_/download/contextbatch/js/_super/batch.js?locale=en-GB:2460:301) @ https://documentation.red-gate.com/s/730410200d4439617130b16289db81b7-CDN/6ig7se/9012/1qzu8pb/0123052adda0acf0447e8c8dbb6f7694/_/download/contextbatch/js/_super/batch.js?locale=en-GB:2153
[    3622ms] [WARNING] DEPRECATED undefined - AJS.params has been deprecated since 9.0.0 and will be removed in 10.0.0.  
     at HTMLMetaElement.<anonymous> (https://documentation.red-gate.com/s/730410200d4439617130b16289db81b7-CDN/6ig7se/9012/1qzu8pb/0123052adda0acf0447e8c8dbb6f7694/_/download/contextbatch/js/_super/batch.js?locale=en-GB:2460:301) @ https://documentation.red-gate.com/s/730410200d4439617130b16289db81b7-CDN/6ig7se/9012/1qzu8pb/0123052adda0acf0447e8c8dbb6f7694/_/download/contextbatch/js/_super/batch.js?locale=en-GB:2153
[    3622ms] [WARNING] DEPRECATED undefined - AJS.params has been deprecated since 9.0.0 and will be removed in 10.0.0.  
     at HTMLMetaElement.<anonymous> (https://documentation.red-gate.com/s/730410200d4439617130b16289db81b7-CDN/6ig7se/9012/1qzu8pb/0123052adda0acf0447e8c8dbb6f7694/_/download/contextbatch/js/_super/batch.js?locale=en-GB:2460:301) @ https://documentation.red-gate.com/s/730410200d4439617130b16289db81b7-CDN/6ig7se/9012/1qzu8pb/0123052adda0acf0447e8c8dbb6f7694/_/download/contextbatch/js/_super/batch.js?locale=en-GB:2153
[    3623ms] [WARNING] DEPRECATED undefined - AJS.params has been deprecated since 9.0.0 and will be removed in 10.0.0.  
     at HTMLMetaElement.<anonymous> (https://documentation.red-gate.com/s/730410200d4439617130b16289db81b7-CDN/6ig7se/9012/1qzu8pb/0123052adda0acf0447e8c8dbb6f7694/_/download/contextbatch/js/_super/batch.js?locale=en-GB:2460:301) @ https://documentation.red-gate.com/s/730410200d4439617130b16289db81b7-CDN/6ig7se/9012/1qzu8pb/0123052adda0acf0447e8c8dbb6f7694/_/download/contextbatch/js/_super/batch.js?locale=en-GB:2153
[    3623ms] [WARNING] DEPRECATED undefined - AJS.params has been deprecated since 9.0.0 and will be removed in 10.0.0.  
     at HTMLMetaElement.<anonymous> (https://documentation.red-gate.com/s/730410200d4439617130b16289db81b7-CDN/6ig7se/9012/1qzu8pb/0123052adda0acf0447e8c8dbb6f7694/_/download/contextbatch/js/_super/batch.js?locale=en-GB:2460:301) @ https://documentation.red-gate.com/s/730410200d4439617130b16289db81b7-CDN/6ig7se/9012/1qzu8pb/0123052adda0acf0447e8c8dbb6f7694/_/download/contextbatch/js/_super/batch.js?locale=en-GB:2153
[    3646ms] [WARNING] Properties of "AJS.Confluence.QuickEdit" were overwritten @ https://documentation.red-gate.com/s/730410200d4439617130b16289db81b7-CDN/6ig7se/9012/1qzu8pb/0123052adda0acf0447e8c8dbb6f7694/_/download/contextbatch/js/_super/batch.js?locale=en-GB:279
[    3770ms] [LOG] [WRM] [handler] Downloading resources [js!/s/d41d8cd98f00b204e9800998ecf8427e-CDN/6ig7se/…super,-viewcontent/batch.js?highlightactions=true] @ https://documentation.red-gate.com/s/730410200d4439617130b16289db81b7-CDN/6ig7se/9012/1qzu8pb/0123052adda0acf0447e8c8dbb6f7694/_/download/contextbatch/js/_super/batch.js?locale=en-GB:2097
[    4162ms] [LOG] [BM] Collector installed @ https://documentation.red-gate.com/s/d41d8cd98f00b204e9800998ecf8427e-CDN/6ig7se/9012/1qzu8pb/d0891eda8074ff02f17449509db0e116/_/download/contextbatch/js/browser-metrics-plugin.contrib,-_super,-viewcontent/batch.js?highlightactions=true:101
[    5094ms] [WARNING] Honeycomb: Google Analytics account ID is not set, therefore the Google Analytics script will not be loaded. @ https://documentation.red-gate.com/sp/_/7F00000101521132AF2A579D57E76CD8/1764855822897/assets/honeycomb/honeycomb.js?v=20240105:85
[    5122ms] [WARNING] DEPRECATED JS - PopulateParameters has been deprecated since 9.0.0 and will be removed in 10.0.0.  
     at HTMLDocument.<anonymous> (https://documentation.red-gate.com/s/730410200d4439617130b16289db81b7-CDN/6ig7se/9012/1qzu8pb/0123052adda0acf0447e8c8dbb6f7694/_/download/contextbatch/js/_super/batch.js?locale=en-GB:2309:1295) @ https://documentation.red-gate.com/s/730410200d4439617130b16289db81b7-CDN/6ig7se/9012/1qzu8pb/0123052adda0acf0447e8c8dbb6f7694/_/download/contextbatch/js/_super/batch.js?locale=en-GB:2153
[    5129ms] [ERROR] SyntaxError: "undefined" is not valid JSON
    at JSON.parse (<anonymous>)
    at HTMLDocument.<anonymous> (https://documentation.red-gate.com/s/d41d8cd98f00b204e9800998ecf8427e-CDN/6ig7se/9012/1qzu8pb/d0891eda8074ff02f17449509db0e116/_/download/contextbatch/js/browser-metrics-plugin.contrib,-_super,-viewcontent/batch.js?highlightactions=true:20:171)
    at i (https://documentation.red-gate.com/s/730410200d4439617130b16289db81b7-CDN/6ig7se/9012/1qzu8pb/0123052adda0acf0447e8c8dbb6f7694/_/download/contextbatch/js/_super/batch.js?locale=en-GB:130:22860)
    at Object.fireWith [as resolveWith] (https://documentation.red-gate.com/s/730410200d4439617130b16289db81b7-CDN/6ig7se/9012/1qzu8pb/0123052adda0acf0447e8c8dbb6f7694/_/download/contextbatch/js/_super/batch.js?locale=en-GB:130:23641)
    at k.ready (https://documentation.red-gate.com/s/730410200d4439617130b16289db81b7-CDN/6ig7se/9012/1qzu8pb/0123052adda0acf0447e8c8dbb6f7694/_/download/contextbatch/js/_super/batch.js?locale=en-GB:130:25425)
    at HTMLDocument.H (https://documentation.red-gate.com/s/730410200d4439617130b16289db81b7-CDN/6ig7se/9012/1qzu8pb/0123052adda0acf0447e8c8dbb6f7694/_/download/contextbatch/js/_super/batch.js?locale=en-GB:130:22638) @ https://documentation.red-gate.com/s/d41d8cd98f00b204e9800998ecf8427e-CDN/6ig7se/9012/1qzu8pb/d0891eda8074ff02f17449509db0e116/_/download/contextbatch/js/browser-metrics-plugin.contrib,-_super,-viewcontent/batch.js?highlightactions=true:19
[    5142ms] [WARNING] DEPRECATED JS - Dialog has been deprecated since 6.0.6 and will be removed in a future release. Use require('confluence-create-content/space-blueprint')  
     at https://documentation.red-gate.com/s/730410200d4439617130b16289db81b7-CDN/6ig7se/9012/1qzu8pb/0123052adda0acf0447e8c8dbb6f7694/_/download/contextbatch/js/_super/batch.js?locale=en-GB:3247:56 @ https://documentation.red-gate.com/s/730410200d4439617130b16289db81b7-CDN/6ig7se/9012/1qzu8pb/0123052adda0acf0447e8c8dbb6f7694/_/download/contextbatch/js/_super/batch.js?locale=en-GB:2153
[    5143ms] [WARNING] DEPRECATED undefined - AJS.params has been deprecated since 9.0.0 and will be removed in 10.0.0.  
     at B (https://documentation.red-gate.com/s/730410200d4439617130b16289db81b7-CDN/6ig7se/9012/1qzu8pb/0123052adda0acf0447e8c8dbb6f7694/_/download/contextbatch/js/_super/batch.js?locale=en-GB:3476:123) @ https://documentation.red-gate.com/s/730410200d4439617130b16289db81b7-CDN/6ig7se/9012/1qzu8pb/0123052adda0acf0447e8c8dbb6f7694/_/download/contextbatch/js/_super/batch.js?locale=en-GB:2153
[    5143ms] [WARNING] DEPRECATED undefined - AJS.params has been deprecated since 9.0.0 and will be removed in 10.0.0.  
     at B (https://documentation.red-gate.com/s/730410200d4439617130b16289db81b7-CDN/6ig7se/9012/1qzu8pb/0123052adda0acf0447e8c8dbb6f7694/_/download/contextbatch/js/_super/batch.js?locale=en-GB:3476:123) @ https://documentation.red-gate.com/s/730410200d4439617130b16289db81b7-CDN/6ig7se/9012/1qzu8pb/0123052adda0acf0447e8c8dbb6f7694/_/download/contextbatch/js/_super/batch.js?locale=en-GB:2153
[    5143ms] [LOG] error while triggering: build-number and keyboardshortcut-hash must both exist in AJS.Data or AJS.params. @ https://documentation.red-gate.com/s/730410200d4439617130b16289db81b7-CDN/6ig7se/9012/1qzu8pb/0123052adda0acf0447e8c8dbb6f7694/_/download/contextbatch/js/_super/batch.js?locale=en-GB:2158
[    5148ms] [WARNING] Remove legacy sidebar code when upgrade to AUI 5.8+ @ https://documentation.red-gate.com/s/730410200d4439617130b16289db81b7-CDN/6ig7se/9012/1qzu8pb/0123052adda0acf0447e8c8dbb6f7694/_/download/contextbatch/js/_super/batch.js?locale=en-GB:2158
[    5153ms] [LOG] Enabling of QuickReloadManager requested. Don't enable QuickReloadManager to prevent in-page notifications @ https://documentation.red-gate.com/s/d41d8cd98f00b204e9800998ecf8427e-CDN/6ig7se/9012/1qzu8pb/2.25.0-c9/_/download/batch/com.k15t.scroll.scroll-viewport:resource-quick-reload-manager-disabler/com.k15t.scroll.scroll-viewport:resource-quick-reload-manager-disabler.js:6
[    5362ms] [ERROR] Failed to load resource: the server responded with a status of 401 (Unauthorized) @ https://documentation.red-gate.com/rest/confluenceshortcuts/latest/enabled?_=1775731577452:0
[    5363ms] [LOG] [WRM] [handler] Downloading resources [css!/s/d41d8cd98f00b204e9800998ecf8427e-CDN/6ig7se…xt.newcode-macro-plugin:code-macro-bidi-style.css, js!/s/52b8bf011b50e6e3c133e825822529c3-CDN/6ig7se/…code-macro-plugin:code-macro-bidi.js?locale=en-US] @ https://documentation.red-gate.com/s/730410200d4439617130b16289db81b7-CDN/6ig7se/9012/1qzu8pb/0123052adda0acf0447e8c8dbb6f7694/_/download/contextbatch/js/_super/batch.js?locale=en-GB:2097
[    5725ms] [ERROR] The source list for the Content Security Policy directive 'object-src' contains an invalid source: ''none\'. It will be ignored. @ https://platform.twitter.com/widgets.js:7
[    6574ms] [LOG] Editor web resources requested. Omitting request for performance reasons. @ https://documentation.red-gate.com/s/d41d8cd98f00b204e9800998ecf8427e-CDN/6ig7se/9012/1qzu8pb/2.25.0-c9/_/download/batch/com.k15t.scroll.scroll-viewport:resource-editor-resource-omitter/com.k15t.scroll.scroll-viewport:resource-editor-resource-omitter.js:7
[    6679ms] [LOG] [WRM] [handler] Downloading resources [css!/s/3400682e3d24fd4ca1d5b8982d0f65e0-CDN/6ig7se…uper,-viewcontent/batch.css?highlightactions=true, js!/s/fe9c0c66f5e2e2beaa8ff90a4e7a9506-CDN/6ig7se/…ntent/batch.js?highlightactions=true&locale=en-US] @ https://documentation.red-gate.com/s/730410200d4439617130b16289db81b7-CDN/6ig7se/9012/1qzu8pb/0123052adda0acf0447e8c8dbb6f7694/_/download/contextbatch/js/_super/batch.js?locale=en-GB:2097
[    8337ms] [ERROR] The source list for the Content Security Policy directive 'object-src' contains an invalid source: ''none\'. It will be ignored. @ https://platform.twitter.com/widgets.js:7
[    8337ms] [ERROR] The source list for the Content Security Policy directive 'object-src' contains an invalid source: ''none\'. It will be ignored. @ https://platform.twitter.com/widgets.js:7
